INFO 2025-08-14 00:48:48,074 models Attempting to stop work for task:  Fix login issue on mobile view
INFO 2025-08-14 00:48:48,074 models Attempting to stop work for task:  Fix login issue on mobile view
INFO 2025-08-14 00:48:48,075 models Attempting to stop work for task:  Fix login issue on mobile view
INFO 2025-08-14 00:48:48,084 models Found active session. Current time: 2025-08-14 00:48:48.083700+05:00
INFO 2025-08-14 00:48:48,085 models Found active session. Current time: 2025-08-14 00:48:48.085706+05:00
INFO 2025-08-14 00:48:48,098 models Found active session. Current time: 2025-08-14 00:48:48.098864+05:00
INFO 2025-08-14 00:48:48,124 models Adjusted end time to office hours end: 2025-08-14 18:30:00+05:00
INFO 2025-08-14 00:48:48,129 models Set end_time to: 2025-08-14 18:30:00+05:00
INFO 2025-08-14 00:48:48,131 models Adjusted end time to office hours end: 2025-08-14 18:30:00+05:00
INFO 2025-08-14 00:48:48,134 models Set end_time to: 2025-08-14 18:30:00+05:00
INFO 2025-08-14 00:48:48,138 models Adjusted end time to office hours end: 2025-08-14 18:30:00+05:00
INFO 2025-08-14 00:48:48,140 models Set end_time to: 2025-08-14 18:30:00+05:00
INFO 2025-08-14 00:48:48,141 models Calculated duration: 17:41:56.632240
INFO 2025-08-14 00:48:48,144 models Calculated duration: 17:41:56.632240
INFO 2025-08-14 00:48:48,146 models Calculated duration: 17:41:56.632240
INFO 2025-08-14 00:48:48,147 models Saved session with duration
INFO 2025-08-14 00:48:48,149 models Saved session with duration
INFO 2025-08-14 00:48:48,149 models Saved session with duration
INFO 2025-08-14 00:48:58,129 models Attempting to stop work for task:  Fix login issue on mobile view
INFO 2025-08-14 00:48:58,132 models Found active session. Current time: 2025-08-14 00:48:58.132563+05:00
INFO 2025-08-14 00:48:58,137 models Adjusted end time to office hours end: 2025-08-14 18:30:00+05:00
INFO 2025-08-14 00:48:58,139 models Set end_time to: 2025-08-14 18:30:00+05:00
INFO 2025-08-14 00:48:58,165 models Calculated duration: 17:41:04.343647
INFO 2025-08-14 00:48:58,168 models Saved session with duration
INFO 2025-08-14 00:49:03,519 models Attempting to stop work for task:  Fix login issue on mobile view
INFO 2025-08-14 00:49:03,522 models Found active session. Current time: 2025-08-14 00:49:03.522408+05:00
INFO 2025-08-14 00:49:03,529 models Adjusted end time to office hours end: 2025-08-14 18:30:00+05:00
INFO 2025-08-14 00:49:03,529 models Set end_time to: 2025-08-14 18:30:00+05:00
INFO 2025-08-14 00:49:03,554 models Calculated duration: 17:40:58.503881
INFO 2025-08-14 00:49:03,557 models Saved session with duration
INFO 2025-08-14 00:49:16,887 models Attempting to stop work for task: Prepare weekly status report
INFO 2025-08-14 00:49:16,893 models Found active session. Current time: 2025-08-14 00:49:16.893164+05:00
INFO 2025-08-14 00:49:16,903 models Adjusted end time to office hours end: 2025-08-14 18:30:00+05:00
INFO 2025-08-14 00:49:16,903 models Set end_time to: 2025-08-14 18:30:00+05:00
INFO 2025-08-14 00:49:16,914 models Calculated duration: 17:40:45.156609
INFO 2025-08-14 00:49:16,918 models Saved session with duration
INFO 2025-08-14 01:20:19,743 models Attempting to stop work for task:  Fix login issue on mobile view
INFO 2025-08-14 01:20:19,747 models Found active session. Current time: 2025-08-14 01:20:19.747070+05:00
INFO 2025-08-14 01:20:19,755 models Adjusted end time to office hours end: 2025-08-14 18:30:00+05:00
INFO 2025-08-14 01:20:19,755 models Set end_time to: 2025-08-14 18:30:00+05:00
INFO 2025-08-14 01:20:19,763 models Calculated duration: 17:09:41.813159
INFO 2025-08-14 01:20:19,767 models Saved session with duration
INFO 2025-08-14 01:21:20,018 models Attempting to stop work for task:  Fix login issue on mobile view
INFO 2025-08-14 01:21:20,023 models Found active session. Current time: 2025-08-14 01:21:20.022025+05:00
INFO 2025-08-14 01:21:20,034 models Adjusted end time to office hours end: 2025-08-14 18:30:00+05:00
INFO 2025-08-14 01:21:20,035 models Set end_time to: 2025-08-14 18:30:00+05:00
INFO 2025-08-14 01:21:20,066 models Calculated duration: 17:08:45.323485
INFO 2025-08-14 01:21:20,070 models Saved session with duration
INFO 2025-08-14 01:23:44,066 models Attempting to stop work for task:  Fix login issue on mobile view
INFO 2025-08-14 01:23:44,071 models Found active session. Current time: 2025-08-14 01:23:44.071839+05:00
INFO 2025-08-14 01:23:44,118 models Adjusted end time to office hours end: 2025-08-14 18:30:00+05:00
INFO 2025-08-14 01:23:44,129 models Set end_time to: 2025-08-14 18:30:00+05:00
INFO 2025-08-14 01:23:44,156 models Calculated duration: 17:06:18.794802
INFO 2025-08-14 01:23:44,162 models Saved session with duration
INFO 2025-08-14 01:27:23,157 models Attempting to stop work for task:  Fix login issue on mobile view
INFO 2025-08-14 01:27:23,163 models Found active session. Current time: 2025-08-14 01:27:23.163495+05:00
INFO 2025-08-14 01:27:23,171 models Adjusted end time to office hours end: 2025-08-14 18:30:00+05:00
INFO 2025-08-14 01:27:23,172 models Set end_time to: 2025-08-14 18:30:00+05:00
INFO 2025-08-14 01:27:23,179 models Calculated duration: 17:02:38.188869
INFO 2025-08-14 01:27:23,183 models Saved session with duration
INFO 2025-08-14 01:34:35,078 models Attempting to stop work for task:  Fix login issue on mobile view
INFO 2025-08-14 01:34:35,082 models Found active session. Current time: 2025-08-14 01:34:35.081009+05:00
INFO 2025-08-14 01:34:35,087 models Adjusted end time to office hours end: 2025-08-14 18:30:00+05:00
INFO 2025-08-14 01:34:35,088 models Set end_time to: 2025-08-14 18:30:00+05:00
INFO 2025-08-14 01:34:35,097 models Calculated duration: 17:02:07.713831
INFO 2025-08-14 01:34:35,099 models Saved session with duration
INFO 2025-08-14 01:35:49,171 models Attempting to stop work for task:  Fix login issue on mobile view
INFO 2025-08-14 01:35:49,175 models Found active session. Current time: 2025-08-14 01:35:49.175851+05:00
INFO 2025-08-14 01:35:49,180 models Set end_time to: 2025-08-14 01:35:49.175851+05:00
INFO 2025-08-14 01:35:49,188 models Calculated duration: 0:00:01.972413
INFO 2025-08-14 01:35:49,190 models Saved session with duration
INFO 2025-08-14 01:35:52,409 models Attempting to stop work for task:  Fix login issue on mobile view
INFO 2025-08-14 01:35:52,417 models Found active session. Current time: 2025-08-14 01:35:52.417215+05:00
INFO 2025-08-14 01:35:52,423 models Set end_time to: 2025-08-14 01:35:52.417215+05:00
INFO 2025-08-14 01:35:52,455 models Calculated duration: 0:00:01.762643
INFO 2025-08-14 01:35:52,459 models Saved session with duration
INFO 2025-08-14 01:35:54,605 models Attempting to stop work for task:  Fix login issue on mobile view
INFO 2025-08-14 01:35:54,610 models Found active session. Current time: 2025-08-14 01:35:54.610247+05:00
INFO 2025-08-14 01:35:54,616 models Set end_time to: 2025-08-14 01:35:54.610247+05:00
INFO 2025-08-14 01:35:54,626 models Calculated duration: 0:00:00.949991
INFO 2025-08-14 01:35:54,630 models Saved session with duration
INFO 2025-10-09 16:48:05,696 consumers No messages found for task 1, skipping read status update
INFO 2025-10-09 16:55:30,478 views Project 1 (SPOTIFY) has unread messages for user 11
INFO 2025-10-09 16:55:51,540 views Project 1 (SPOTIFY) has unread messages for user 11
INFO 2025-10-09 16:56:31,635 views Project 1 (SPOTIFY) has unread messages for user 11
INFO 2025-10-09 16:56:58,413 views Project 1 (SPOTIFY) has unread messages for user 11
INFO 2025-10-09 16:57:19,577 views Project 1 (SPOTIFY) has unread messages for user 11
INFO 2025-10-09 23:52:16,345 models Attempting to stop work for task:  Fix login issue on mobile view
INFO 2025-10-09 23:52:16,350 models Found active session. Current time: 2025-10-09 23:52:16.350538+05:00
INFO 2025-10-09 23:52:16,374 models Adjusted end time to office hours end: 2025-10-09 18:30:00+05:00
INFO 2025-10-09 23:52:16,375 models Set end_time to: 2025-10-09 18:30:00+05:00
INFO 2025-10-09 23:52:16,384 models Calculated duration: -1 day, 18:38:04.380901
INFO 2025-10-09 23:52:16,388 models Saved session with duration
INFO 2025-10-09 23:55:37,432 models Attempting to stop work for task: Prepare weekly status report
INFO 2025-10-09 23:55:37,438 models Found active session. Current time: 2025-10-09 23:55:37.438552+05:00
INFO 2025-10-09 23:55:37,444 models Adjusted end time to office hours end: 2025-10-09 18:30:00+05:00
INFO 2025-10-09 23:55:37,445 models Set end_time to: 2025-10-09 18:30:00+05:00
INFO 2025-10-09 23:55:37,452 models Calculated duration: -1 day, 18:34:24.541501
INFO 2025-10-09 23:55:37,455 models Saved session with duration
INFO 2025-10-09 23:55:45,007 models Attempting to stop work for task: Prepare weekly status report
INFO 2025-10-09 23:55:45,113 models Found active session. Current time: 2025-10-09 23:55:45.113493+05:00
INFO 2025-10-09 23:55:45,121 models Adjusted end time to office hours end: 2025-10-09 18:30:00+05:00
INFO 2025-10-09 23:55:45,122 models Set end_time to: 2025-10-09 18:30:00+05:00
INFO 2025-10-09 23:55:45,149 models Calculated duration: -1 day, 18:34:21.117653
INFO 2025-10-09 23:55:45,151 models Saved session with duration
INFO 2025-10-09 23:56:03,838 consumers Marking task 11 as read for user 3 with latest message timestamp 2025-08-07 10:29:44.731046+00:00
INFO 2025-10-09 23:56:03,859 consumers Successfully marked task 11 as read for user 3
INFO 2025-10-09 23:56:07,222 consumers User 3 stopped viewing task 11
INFO 2025-10-09 23:56:10,414 consumers Marking task 15 as read for user 3 with latest message timestamp 2025-08-07 12:08:31.337470+00:00
INFO 2025-10-09 23:56:10,425 consumers Successfully marked task 15 as read for user 3
INFO 2025-10-09 23:56:19,511 consumers User 3 stopped viewing task 15
INFO 2025-10-09 23:58:53,494 models Attempting to stop work for task: Prepare weekly status report
INFO 2025-10-09 23:58:53,501 models Found active session. Current time: 2025-10-09 23:58:53.501543+05:00
INFO 2025-10-09 23:58:53,510 models Adjusted end time to office hours end: 2025-10-09 18:30:00+05:00
INFO 2025-10-09 23:58:53,511 models Set end_time to: 2025-10-09 18:30:00+05:00
INFO 2025-10-09 23:58:53,538 models Calculated duration: -1 day, 18:31:10.756702
INFO 2025-10-09 23:58:53,543 models Saved session with duration
INFO 2025-10-09 23:59:31,134 models Attempting to stop work for task: Prepare weekly status report
INFO 2025-10-09 23:59:31,142 models Found active session. Current time: 2025-10-09 23:59:31.141678+05:00
INFO 2025-10-09 23:59:31,157 models Adjusted end time to office hours end: 2025-10-09 18:30:00+05:00
INFO 2025-10-09 23:59:31,158 models Set end_time to: 2025-10-09 18:30:00+05:00
INFO 2025-10-09 23:59:31,190 models Calculated duration: -1 day, 18:30:31.123135
INFO 2025-10-09 23:59:31,195 models Saved session with duration
INFO 2025-10-09 23:59:37,831 models Attempting to stop work for task: Prepare weekly status report
INFO 2025-10-09 23:59:37,837 models Found active session. Current time: 2025-10-09 23:59:37.837902+05:00
INFO 2025-10-09 23:59:37,844 models Adjusted end time to office hours end: 2025-10-09 18:30:00+05:00
INFO 2025-10-09 23:59:37,845 models Set end_time to: 2025-10-09 18:30:00+05:00
INFO 2025-10-09 23:59:37,872 models Calculated duration: -1 day, 18:30:24.136617
INFO 2025-10-09 23:59:37,875 models Saved session with duration
INFO 2025-10-10 00:06:13,215 models Attempting to stop work for task: Prepare weekly status report
INFO 2025-10-10 00:06:13,220 models Found active session. Current time: 2025-10-10 00:06:13.220325+05:00
ERROR 2025-10-10 00:06:13,227 models Error stopping work: module 'django.utils.timezone' has no attribute 'utc'
INFO 2025-10-10 00:09:15,539 models Attempting to stop work for task: Prepare weekly status report
INFO 2025-10-10 00:09:15,545 models Found active session. Current time: 2025-10-10 00:09:15.545892+05:00
ERROR 2025-10-10 00:09:15,549 models Error stopping work: module 'django.utils.timezone' has no attribute 'UTC'
INFO 2025-10-10 00:10:10,919 models Attempting to stop work for task: Prepare weekly status report
INFO 2025-10-10 00:10:10,923 models Found active session. Current time: 2025-10-10 00:10:10.923341+05:00
ERROR 2025-10-10 00:10:10,932 models Error stopping work: module 'django.utils.timezone' has no attribute 'UTC'
INFO 2025-10-10 00:11:40,384 models Attempting to stop work for task: Prepare weekly status report
INFO 2025-10-10 00:11:40,388 models Found active session. Current time: 2025-10-10 00:11:40.388292+05:00
ERROR 2025-10-10 00:11:40,392 models Error stopping work: module 'django.utils.timezone' has no attribute 'UTC'
INFO 2025-10-10 00:13:24,017 models Attempting to stop work for task: Prepare weekly status report
INFO 2025-10-10 00:13:24,023 models Found active session. Current time: 2025-10-10 00:13:24.023675+05:00
ERROR 2025-10-10 00:13:24,028 models Error stopping work: module 'django.utils.timezone' has no attribute 'UTC'
INFO 2025-10-10 00:13:50,270 consumers No messages found for task 12, skipping read status update
INFO 2025-10-10 00:13:55,174 consumers User 3 stopped viewing task 12
INFO 2025-10-10 00:22:54,722 models Attempting to stop work for task: Prepare weekly status report
INFO 2025-10-10 00:22:54,722 models Attempting to stop work for task: Prepare weekly status report
INFO 2025-10-10 00:22:54,731 models Found active session. Current time: 2025-10-10 00:22:54.731158+05:00
INFO 2025-10-10 00:22:54,738 models Found active session. Current time: 2025-10-10 00:22:54.738185+05:00
ERROR 2025-10-10 00:22:54,756 models Error stopping work: type object 'datetime.timezone' has no attribute 'UTC'
ERROR 2025-10-10 00:22:54,759 models Error stopping work: type object 'datetime.timezone' has no attribute 'UTC'
INFO 2025-10-10 00:24:25,806 models Attempting to stop work for task: Prepare weekly status report
INFO 2025-10-10 00:24:25,810 models Found active session. Current time: 2025-10-10 00:24:25.810697+05:00
ERROR 2025-10-10 00:24:25,815 models Error stopping work: type object 'datetime.timezone' has no attribute 'UTC'
INFO 2025-10-10 00:26:23,077 models Attempting to stop work for task: Prepare weekly status report
INFO 2025-10-10 00:26:23,080 models Found active session. Current time: 2025-10-10 00:26:23.080017+05:00
INFO 2025-10-10 00:26:23,085 models Set end_time to: 2025-10-09 19:26:23.080017+00:00 (UTC)
INFO 2025-10-10 00:26:23,111 models Calculated duration: 0:00:07.564495
INFO 2025-10-10 00:26:23,114 models Saved session with duration
INFO 2025-10-10 00:30:20,313 consumers No messages found for task 12, skipping read status update
INFO 2025-10-10 00:30:21,273 consumers User 3 stopped viewing task 12
INFO 2025-10-10 00:39:00,637 views Project 1 (SPOTIFY) has unread messages for user 2
INFO 2025-10-10 00:39:07,123 models Attempting to stop work for task: To be Approved
INFO 2025-10-10 00:39:07,126 models Found active session. Current time: 2025-10-10 00:39:07.126732+05:00
INFO 2025-10-10 00:39:07,130 models Set end_time to: 2025-10-09 19:39:07.126732+00:00 (UTC)
INFO 2025-10-10 00:39:07,155 models Calculated duration: 0:00:02.267138
INFO 2025-10-10 00:39:07,158 models Saved session with duration
INFO 2025-10-10 00:39:09,313 models Attempting to stop work for task: To be Approved
INFO 2025-10-10 00:39:09,319 models Found active session. Current time: 2025-10-10 00:39:09.318156+05:00
INFO 2025-10-10 00:39:09,325 models Set end_time to: 2025-10-09 19:39:09.318156+00:00 (UTC)
INFO 2025-10-10 00:39:09,352 models Calculated duration: 0:00:00.994571
INFO 2025-10-10 00:39:09,357 models Saved session with duration
INFO 2025-10-10 00:39:40,420 views Project 1 (SPOTIFY) has unread messages for user 2
